// Jest Snapshot v1, https://goo.gl/fbAQLP

exports[`snapshot test 1`] = `
<DocumentFragment>
  <div
    class="todo"
  >
    <p>
       
      <button>
        X
      </button>
    </p>
  </div>
</DocumentFragment>
`;
