// Jest Snapshot v1, https://goo.gl/fbAQLP

exports[`snapshot test 1`] = `
<DocumentFragment>
  <div
    class="box"
    style="display: inline-block;"
  >
    <button>
      X
    </button>
  </div>
</DocumentFragment>
`;
