// Jest Snapshot v1, https://goo.gl/fbAQLP

exports[`snapshot test 1`] = `
<DocumentFragment>
  <form>
    <label
      for="bgcolor"
    >
      Background Color: 
    </label>
    <input
      id="bgcolor"
      name="bgcolor"
      placeholder="background color"
      type="text"
      value=""
    />
    <br />
    <label
      for="width"
    >
      Width: 
    </label>
    <input
      id="width"
      name="width"
      placeholder="width"
      type="number"
      value=""
    />
    <br />
    <label
      for="height"
    >
      Height: 
    </label>
    <input
      id="height"
      name="height"
      placeholder="height"
      type="number"
      value=""
    />
    <br />
    <button>
      Submit
    </button>
  </form>
</DocumentFragment>
`;
